# serializer version: 1
# name: test_chat_template
  list([
    dict({
      'content': "hello, what's your name?",
      'role': 'system',
    }),
    dict({
      'content': 'My name is John.',
      'role': 'user',
    }),
    dict({
      'content': 'hello, John nice to meet you!',
      'role': 'system',
    }),
  ])
# ---
# name: test_complicated_chat_template
  list([
    dict({
      'content': '''
        Summarize the following articles:
        
        keywords: keyword1, keyword2, keyword3
        
        
        # Article 1
        Content 1
        
        # Article 2
        Content 2
        
        # Article 3
        Content 3
  
      ''',
      'role': 'user',
    }),
  ])
# ---
